// Jest Snapshot v1, https://goo.gl/fbAQLP

exports[`renders correctly 1`] = `
<View
  accessibilityComponentType={undefined}
  accessibilityLabel={undefined}
  accessibilityTraits={undefined}
  accessible={true}
  collapsable={undefined}
  hitSlop={undefined}
  isTVSelectable={true}
  nativeID={undefined}
  onLayout={undefined}
  onResponderGrant={[Function]}
  onResponderMove={[Function]}
  onResponderRelease={[Function]}
  onResponderTerminate={[Function]}
  onResponderTerminationRequest={[Function]}
  onStartShouldSetResponder={[Function]}
  style={
    Object {
      "height": 135,
      "opacity": 1,
      "width": 170,
    }
  }
  testID={undefined}
  tvParallaxProperties={undefined}
>
  <View
    style={
      Object {
        "flexDirection": "row",
        "margin": 6,
      }
    }
  >
    <View
      activeOpacity={undefined}
      onLongPress={undefined}
      onPress={undefined}
      style={
        Array [
          Object {
            "backgroundColor": "transparent",
            "height": 34,
            "paddingBottom": 10,
            "paddingRight": 10,
            "paddingTop": 10,
            "width": 34,
          },
          Object {
            "borderRadius": 17,
          },
          Object {
            "alignItems": "center",
            "flex": 2,
          },
        ]
      }
    >
      <View
        style={
          Array [
            Object {
              "alignItems": "center",
              "alignSelf": "stretch",
              "backgroundColor": "rgba(0,0,0,0.2)",
              "bottom": 0,
              "flex": 1,
              "justifyContent": "center",
              "left": 0,
              "position": "absolute",
              "right": 0,
              "top": 0,
            },
            Object {
              "borderRadius": 17,
            },
            Object {
              "backgroundColor": undefined,
            },
          ]
        }
      >
        <Image
          source={1}
          style={
            Array [
              Object {
                "height": 34,
                "width": 34,
              },
              Object {
                "borderRadius": 17,
              },
              undefined,
            ]
          }
        />
      </View>
    </View>
    <View
      style={
        Object {
          "alignItems": "flex-start",
          "flex": 6,
          "marginLeft": 5,
        }
      }
    >
      <Text
        accessible={true}
        allowFontScaling={true}
        disabled={false}
        ellipsizeMode="tail"
        style={
          Object {
            "fontFamily": "Montserrat-Regular",
          }
        }
      >
        Station
        1144
      </Text>
      <Text
        accessible={true}
        allowFontScaling={true}
        disabled={false}
        ellipsizeMode="tail"
        style={
          Object {
            "color": "#808080",
            "fontFamily": "Montserrat-Regular",
            "fontSize": 12,
          }
        }
      >
        Hoher Markt
      </Text>
    </View>
  </View>
  <View
    style={
      Object {
        "alignItems": "center",
        "margin": 5,
      }
    }
  >
    <Text
      accessible={true}
      allowFontScaling={true}
      disabled={false}
      ellipsizeMode="tail"
      style={
        Array [
          Object {
            "fontFamily": "Montserrat-Regular",
          },
          false,
        ]
      }
    >
      16
       bikes
    </Text>
    <Text
      accessible={true}
      allowFontScaling={true}
      disabled={false}
      ellipsizeMode="tail"
      style={
        Object {
          "fontFamily": "Montserrat-Regular",
        }
      }
    >
      26
       slots
    </Text>
  </View>
</View>
`;
